<?xml version="1.0" encoding="UTF-8"?>
<TestRun id="fa2ba0ee-a6a4-4a32-912b-090d78f3449b" name="cfc@CFC-WINDOWS 2013-03-08 12:10:29" runUser="cfc-windows\cfc" xmlns="http://microsoft.com/schemas/VisualStudio/TeamTest/2010">
  <TestSettings name="Local" id="d3654c14-fcf5-4f6a-ac3b-24d3329e6322">
    <Description>These are default test settings for a local test run.</Description>
    <Deployment enabled="false" runDeploymentRoot="cfc_CFC-WINDOWS 2013-03-08 12_10_29">
      <DeploymentItem filename="C:\mellon\SistemaVendas\packages\Moq.4.0.10827\lib\NET40\Moq.dll" />
      <DeploymentItem filename="C:\mellon\SistemaVendas\SistemaVendas\bin\Debug\SistemaVendas.exe" />
    </Deployment>
    <Execution>
      <TestTypeSpecific />
      <AgentRule name="Execution Agents">
      </AgentRule>
    </Execution>
  </TestSettings>
  <Times creation="2013-03-08T12:10:29.3689460-03:00" queuing="2013-03-08T12:10:29.3769464-03:00" start="2013-03-08T12:10:29.4569510-03:00" finish="2013-03-08T12:10:29.7189660-03:00" />
  <ResultSummary outcome="Failed">
    <Counters total="1" executed="1" error="0" failed="1" timeout="0" aborted="0" inconclusive="0" passedButRunAborted="0" notRunnable="0" notExecuted="0" disconnected="0" warning="0" passed="0" completed="0" inProgress="0" pending="0" />
  </ResultSummary>
  <TestDefinitions>
    <UnitTest name="TesteCalculoComissaoVenda100000Retorna6000" storage="c:\mellon\sistemavendas\testevendas\bin\debug\testevendas.dll" id="7cdfdda0-22c4-9f76-c685-0a553f61ec05">
      <Execution id="7c971e0a-2806-4df9-8eca-cf9843f7df63" />
      <TestMethod codeBase="C:/mellon/SistemaVendas/TesteVendas/bin/Debug/TesteVendas.DLL" adapterTypeName="Microsoft.VisualStudio.TestTools.TestTypes.Unit.UnitTestAdapter, Microsoft.VisualStudio.QualityTools.Tips.UnitTest.Adapter, Version=10.0.0.0, Culture=neutral, PublicKeyToken=b03f5f7f11d50a3a" className="TesteVendas.TesteCalculoComissao, TesteVendas, Version=1.0.0.0, Culture=neutral, PublicKeyToken=null" name="TesteCalculoComissaoVenda100000Retorna6000" />
    </UnitTest>
  </TestDefinitions>
  <TestLists>
    <TestList name="Results Not in a List" id="8c84fa94-04c1-424b-9868-57a2d4851a1d" />
    <TestList name="All Loaded Results" id="19431567-8539-422a-85d7-44ee4e166bda" />
  </TestLists>
  <TestEntries>
    <TestEntry testId="7cdfdda0-22c4-9f76-c685-0a553f61ec05" executionId="7c971e0a-2806-4df9-8eca-cf9843f7df63" testListId="8c84fa94-04c1-424b-9868-57a2d4851a1d" />
  </TestEntries>
  <Results>
    <UnitTestResult executionId="7c971e0a-2806-4df9-8eca-cf9843f7df63" testId="7cdfdda0-22c4-9f76-c685-0a553f61ec05" testName="TesteCalculoComissaoVenda100000Retorna6000" computerName="CFC-WINDOWS" duration="00:00:00.0336389" startTime="2013-03-08T12:10:29.4589511-03:00" endTime="2013-03-08T12:10:29.7029651-03:00" testType="13cdc9d9-ddb5-4fa4-a97d-d965ccfc6d4b" outcome="Failed" testListId="8c84fa94-04c1-424b-9868-57a2d4851a1d" relativeResultsDirectory="7c971e0a-2806-4df9-8eca-cf9843f7df63">
      <Output>
        <ErrorInfo>
          <Message>Assert.AreEqual failed. Expected:&lt;6000&gt;. Actual:&lt;5000&gt;. </Message>
          <StackTrace>   em TesteVendas.TesteCalculoComissao.TesteCalculoComissaoVenda100000Retorna6000() na C:\mellon\SistemaVendas\TesteVendas\TesteCalculoComissao.cs:linha 48
</StackTrace>
        </ErrorInfo>
      </Output>
    </UnitTestResult>
  </Results>
</TestRun>